2026-02-20 11:43:58,997 - Move_app - Move_app forward: speed: 100.00 | distance: 5000.00
2026-02-20 11:43:58,997 - Move_behavior - move behavior: instruction type=F
2026-02-20 11:43:58,997 - Move_behavior - move behavior: type F
2026-02-20 11:43:58,998 - matrix_display - Show String: F
2026-02-20 11:43:59,029 - Move_behavior - Start forward drive controller
2026-02-20 11:43:59,062 - Move_encoder - set L - Speed: 100 - direction: 1
2026-02-20 11:43:59,066 - Move_encoder - set R - Speed: 100 - direction: 1
2026-02-20 11:43:59,066 - Move_encoder - move-encoder:reset
2026-02-20 11:43:59,095 - Move_encoder - *********************** move straight gyro assisted ***********************
2026-02-20 11:43:59,096 - Move_encoder - Encoder Left: 5 Right: 4 Distance: 4.5 / 5000
2026-02-20 11:43:59,128 - Move_encoder - Current Heading: 168.4 Target Heading: 168.4
2026-02-20 11:43:59,128 - Move_encoder - PID Terms => P: 0.00 I: -0.30 D: 0.40 | Total IMU Adj: 0.10
2026-02-20 11:43:59,128 - Move_encoder - Total Adjustment: -0.4 (Encoder Adj: -0.7, IMU Adj: 0.1)
2026-02-20 11:43:59,132 - Move_encoder - set L - Speed: 99 - direction: 1
2026-02-20 11:43:59,136 - Move_encoder - set R - Speed: 100 - direction: 1
2026-02-20 11:43:59,136 - Move_encoder - Target: 100 | Adj: -0.4 | L: 99 R: 100
2026-02-20 11:43:59,136 - Move_sensor - Distances (cm): F=82.17, L=44.01, R=100.0
2026-02-20 11:43:59,146 - Move_encoder - *********************** move straight gyro assisted ***********************
2026-02-20 11:43:59,146 - Move_encoder - Encoder Left: 14 Right: 20 Distance: 17.0 / 5000
2026-02-20 11:43:59,178 - Move_encoder - Current Heading: 168.5 Target Heading: 168.4
2026-02-20 11:43:59,178 - Move_encoder - PID Terms => P: -0.48 I: -0.30 D: -0.41 | Total IMU Adj: -1.19
2026-02-20 11:43:59,178 - Move_encoder - Total Adjustment: 1.9 (Encoder Adj: 4.2, IMU Adj: -1.2)
2026-02-20 11:43:59,182 - Move_encoder - set L - Speed: 101 - direction: 1
2026-02-20 11:43:59,186 - Move_encoder - set R - Speed: 98 - direction: 1
2026-02-20 11:43:59,187 - Move_encoder - Target: 100 | Adj: 1.9 | L: 101 R: 98
2026-02-20 11:43:59,187 - Move_sensor - Distances (cm): F=82.17, L=44.01, R=100.0
2026-02-20 11:43:59,197 - Move_encoder - *********************** move straight gyro assisted ***********************
2026-02-20 11:43:59,197 - Move_encoder - Encoder Left: 26 Right: 33 Distance: 29.5 / 5000
2026-02-20 11:43:59,229 - Move_encoder - Current Heading: 168.6 Target Heading: 168.4
2026-02-20 11:43:59,229 - Move_encoder - PID Terms => P: -0.99 I: -0.30 D: -0.43 | Total IMU Adj: -1.72
2026-02-20 11:43:59,229 - Move_encoder - Total Adjustment: 1.8 (Encoder Adj: 4.9, IMU Adj: -1.7)
2026-02-20 11:43:59,233 - Move_encoder - set L - Speed: 101 - direction: 1
2026-02-20 11:43:59,237 - Move_encoder - set R - Speed: 98 - direction: 1
2026-02-20 11:43:59,237 - Move_encoder - Target: 100 | Adj: 1.8 | L: 101 R: 98
2026-02-20 11:43:59,237 - Move_sensor - Distances (cm): F=60.49, L=43.94, R=100.0
2026-02-20 11:43:59,247 - Move_encoder - *********************** move straight gyro assisted ***********************
2026-02-20 11:43:59,248 - Move_encoder - Encoder Left: 41 Right: 51 Distance: 46.0 / 5000
2026-02-20 11:43:59,279 - Move_encoder - Current Heading: 168.8 Target Heading: 168.4
2026-02-20 11:43:59,280 - Move_encoder - PID Terms => P: -1.41 I: -0.31 D: -0.36 | Total IMU Adj: -2.08
2026-02-20 11:43:59,280 - Move_encoder - Total Adjustment: 3.1 (Encoder Adj: 7.0, IMU Adj: -2.1)
2026-02-20 11:43:59,284 - Move_encoder - set L - Speed: 103 - direction: 1
2026-02-20 11:43:59,288 - Move_encoder - set R - Speed: 96 - direction: 1
2026-02-20 11:43:59,288 - Move_encoder - Target: 100 | Adj: 3.1 | L: 103 R: 96
2026-02-20 11:43:59,288 - Move_sensor - Distances (cm): F=60.49, L=43.94, R=100.0
2026-02-20 11:43:59,298 - Move_encoder - *********************** move straight gyro assisted ***********************
2026-02-20 11:43:59,298 - Move_encoder - Encoder Left: 61 Right: 73 Distance: 67.0 / 5000
2026-02-20 11:43:59,330 - Move_encoder - Current Heading: 168.8 Target Heading: 168.4
2026-02-20 11:43:59,330 - Move_encoder - PID Terms => P: -1.53 I: -0.31 D: -0.10 | Total IMU Adj: -1.93
2026-02-20 11:43:59,330 - Move_encoder - Total Adjustment: 4.4 (Encoder Adj: 8.4, IMU Adj: -1.9)
2026-02-20 11:43:59,334 - Move_encoder - set L - Speed: 104 - direction: 1
2026-02-20 11:43:59,338 - Move_encoder - set R - Speed: 95 - direction: 1
2026-02-20 11:43:59,338 - Move_encoder - Target: 100 | Adj: 4.4 | L: 104 R: 95
2026-02-20 11:43:59,339 - Move_sensor - Distances (cm): F=60.49, L=43.94, R=100.0
2026-02-20 11:43:59,349 - Move_encoder - *********************** move straight gyro assisted ***********************
2026-02-20 11:43:59,349 - Move_encoder - Encoder Left: 84 Right: 97 Distance: 90.5 / 5000
2026-02-20 11:43:59,381 - Move_encoder - Current Heading: 168.8 Target Heading: 168.4
2026-02-20 11:43:59,381 - Move_encoder - PID Terms => P: -1.72 I: -0.31 D: -0.17 | Total IMU Adj: -2.20
2026-02-20 11:43:59,381 - Move_encoder - Total Adjustment: 4.6 (Encoder Adj: 9.1, IMU Adj: -2.2)
2026-02-20 11:43:59,385 - Move_encoder - set L - Speed: 104 - direction: 1
2026-02-20 11:43:59,389 - Move_encoder - set R - Speed: 95 - direction: 1
2026-02-20 11:43:59,389 - Move_encoder - Target: 100 | Adj: 4.6 | L: 104 R: 95
2026-02-20 11:43:59,389 - Move_sensor - Distances (cm): F=56.73, L=43.63, R=100.0
2026-02-20 11:43:59,399 - Move_encoder - *********************** move straight gyro assisted ***********************
2026-02-20 11:43:59,399 - Move_encoder - Encoder Left: 109 Right: 124 Distance: 116.5 / 5000
2026-02-20 11:43:59,447 - Move_encoder - Current Heading: 169.1 Target Heading: 168.4
2026-02-20 11:43:59,447 - Move_encoder - PID Terms => P: -2.77 I: -0.31 D: -0.89 | Total IMU Adj: -3.98
2026-02-20 11:43:59,447 - Move_encoder - Total Adjustment: 3.6 (Encoder Adj: 10.5, IMU Adj: -4.0)
2026-02-20 11:43:59,451 - Move_encoder - set L - Speed: 103 - direction: 1
2026-02-20 11:43:59,455 - Move_encoder - set R - Speed: 96 - direction: 1
2026-02-20 11:43:59,462 - Move_encoder - Target: 100 | Adj: 3.6 | L: 103 R: 96
2026-02-20 11:43:59,469 - Move_sensor - Distances (cm): F=56.76, L=43.21, R=100.0
2026-02-20 11:43:59,482 - Move_encoder - *********************** move straight gyro assisted ***********************
2026-02-20 11:43:59,482 - Move_encoder - Encoder Left: 155 Right: 171 Distance: 163.0 / 5000
2026-02-20 11:43:59,514 - Move_encoder - Current Heading: 169.3 Target Heading: 168.4
2026-02-20 11:43:59,514 - Move_encoder - PID Terms => P: -3.30 I: -0.31 D: -0.27 | Total IMU Adj: -3.88
2026-02-20 11:43:59,514 - Move_encoder - Total Adjustment: 4.3 (Encoder Adj: 11.2, IMU Adj: -3.9)
2026-02-20 11:43:59,518 - Move_encoder - set L - Speed: 104 - direction: 1
2026-02-20 11:43:59,522 - Move_encoder - set R - Speed: 95 - direction: 1
2026-02-20 11:43:59,522 - Move_encoder - Target: 100 | Adj: 4.3 | L: 104 R: 95
2026-02-20 11:43:59,523 - Move_sensor - Distances (cm): F=56.76, L=43.21, R=100.0
2026-02-20 11:43:59,533 - Move_encoder - *********************** move straight gyro assisted ***********************
2026-02-20 11:43:59,533 - Move_encoder - Encoder Left: 185 Right: 203 Distance: 194.0 / 5000
2026-02-20 11:43:59,565 - Move_encoder - Current Heading: 169.5 Target Heading: 168.4
2026-02-20 11:43:59,565 - Move_encoder - PID Terms => P: -3.87 I: -0.32 D: -0.48 | Total IMU Adj: -4.66
2026-02-20 11:43:59,565 - Move_encoder - Total Adjustment: 4.5 (Encoder Adj: 12.6, IMU Adj: -4.7)
2026-02-20 11:43:59,569 - Move_encoder - set L - Speed: 104 - direction: 1
2026-02-20 11:43:59,573 - Move_encoder - set R - Speed: 95 - direction: 1
2026-02-20 11:43:59,573 - Move_encoder - Target: 100 | Adj: 4.5 | L: 104 R: 95
2026-02-20 11:43:59,574 - Move_sensor - Distances (cm): F=57.75, L=42.96, R=100.0
2026-02-20 11:43:59,574 - Move_sensor - Distances (cm): F=57.75, L=42.96, R=100.0
2026-02-20 11:43:59,591 - Move_encoder - *********************** move straight gyro assisted ***********************
2026-02-20 11:43:59,592 - Move_encoder - Encoder Left: 221 Right: 240 Distance: 230.5 / 5000
2026-02-20 11:43:59,624 - Move_encoder - Current Heading: 169.6 Target Heading: 168.4
2026-02-20 11:43:59,624 - Move_encoder - PID Terms => P: -4.35 I: -0.32 D: -0.35 | Total IMU Adj: -5.02
2026-02-20 11:43:59,624 - Move_encoder - Total Adjustment: 4.6 (Encoder Adj: 13.3, IMU Adj: -5.0)
2026-02-20 11:43:59,628 - Move_encoder - set L - Speed: 104 - direction: 1
2026-02-20 11:43:59,632 - Move_encoder - set R - Speed: 95 - direction: 1
2026-02-20 11:43:59,632 - Move_encoder - Target: 100 | Adj: 4.6 | L: 104 R: 95
2026-02-20 11:43:59,633 - Move_sensor - Distances (cm): F=57.75, L=42.56, R=98.64
2026-02-20 11:43:59,643 - Move_encoder - *********************** move straight gyro assisted ***********************
2026-02-20 11:43:59,643 - Move_encoder - Encoder Left: 253 Right: 275 Distance: 264.0 / 5000
2026-02-20 11:43:59,675 - Move_encoder - Current Heading: 170.0 Target Heading: 168.4
2026-02-20 11:43:59,675 - Move_encoder - PID Terms => P: -5.85 I: -0.32 D: -1.25 | Total IMU Adj: -7.42
2026-02-20 11:43:59,675 - Move_encoder - Total Adjustment: 3.4 (Encoder Adj: 15.4, IMU Adj: -7.4)
2026-02-20 11:43:59,679 - Move_encoder - set L - Speed: 103 - direction: 1
2026-02-20 11:43:59,683 - Move_encoder - set R - Speed: 96 - direction: 1
2026-02-20 11:43:59,683 - Move_encoder - Target: 100 | Adj: 3.4 | L: 103 R: 96
2026-02-20 11:43:59,683 - Move_sensor - Distances (cm): F=57.75, L=42.56, R=98.64
2026-02-20 11:43:59,694 - Move_encoder - *********************** move straight gyro assisted ***********************
2026-02-20 11:43:59,694 - Move_encoder - Encoder Left: 286 Right: 308 Distance: 297.0 / 5000
2026-02-20 11:43:59,726 - Move_encoder - Current Heading: 170.3 Target Heading: 168.4
2026-02-20 11:43:59,726 - Move_encoder - PID Terms => P: -6.76 I: -0.33 D: -0.77 | Total IMU Adj: -7.86
2026-02-20 11:43:59,726 - Move_encoder - Total Adjustment: 2.9 (Encoder Adj: 15.4, IMU Adj: -7.9)
2026-02-20 11:43:59,730 - Move_encoder - set L - Speed: 102 - direction: 1
2026-02-20 11:43:59,734 - Move_encoder - set R - Speed: 97 - direction: 1
2026-02-20 11:43:59,734 - Move_encoder - Target: 100 | Adj: 2.9 | L: 102 R: 97
2026-02-20 11:43:59,735 - Move_sensor - Distances (cm): F=56.69, L=41.78, R=98.64
2026-02-20 11:43:59,745 - Move_encoder - *********************** move straight gyro assisted ***********************
2026-02-20 11:43:59,745 - Move_encoder - Encoder Left: 319 Right: 342 Distance: 330.5 / 5000
2026-02-20 11:43:59,777 - Move_encoder - Current Heading: 170.6 Target Heading: 168.4
2026-02-20 11:43:59,777 - Move_encoder - PID Terms => P: -7.99 I: -0.34 D: -1.03 | Total IMU Adj: -9.36
2026-02-20 11:43:59,777 - Move_encoder - Total Adjustment: 1.7 (Encoder Adj: 16.1, IMU Adj: -9.4)
2026-02-20 11:43:59,781 - Move_encoder - set L - Speed: 101 - direction: 1
2026-02-20 11:43:59,785 - Move_encoder - set R - Speed: 98 - direction: 1
2026-02-20 11:43:59,786 - Move_encoder - Target: 100 | Adj: 1.7 | L: 101 R: 98
2026-02-20 11:43:59,786 - Move_sensor - Distances (cm): F=56.69, L=41.78, R=98.64
2026-02-20 11:43:59,796 - Move_encoder - *********************** move straight gyro assisted ***********************
2026-02-20 11:43:59,796 - Move_encoder - Encoder Left: 353 Right: 378 Distance: 365.5 / 5000
2026-02-20 11:43:59,828 - Move_encoder - Current Heading: 171.0 Target Heading: 168.4
2026-02-20 11:43:59,828 - Move_encoder - PID Terms => P: -9.18 I: -0.34 D: -0.99 | Total IMU Adj: -10.51
2026-02-20 11:43:59,829 - Move_encoder - Total Adjustment: 1.4 (Encoder Adj: 17.5, IMU Adj: -10.5)
2026-02-20 11:43:59,833 - Move_encoder - set L - Speed: 101 - direction: 1
2026-02-20 11:43:59,837 - Move_encoder - set R - Speed: 98 - direction: 1
2026-02-20 11:43:59,837 - Move_encoder - Target: 100 | Adj: 1.4 | L: 101 R: 98
2026-02-20 11:43:59,837 - Move_sensor - Distances (cm): F=55.91, L=41.71, R=100.0
2026-02-20 11:43:59,847 - Move_encoder - *********************** move straight gyro assisted ***********************
2026-02-20 11:43:59,847 - Move_encoder - Encoder Left: 387 Right: 413 Distance: 400.0 / 5000
2026-02-20 11:43:59,880 - Move_encoder - Current Heading: 171.3 Target Heading: 168.4
2026-02-20 11:43:59,880 - Move_encoder - PID Terms => P: -10.47 I: -0.35 D: -1.08 | Total IMU Adj: -11.91
2026-02-20 11:43:59,880 - Move_encoder - Total Adjustment: 0.3 (Encoder Adj: 18.2, IMU Adj: -11.9)
2026-02-20 11:43:59,884 - Move_encoder - set L - Speed: 100 - direction: 1
2026-02-20 11:43:59,888 - Move_encoder - set R - Speed: 99 - direction: 1
2026-02-20 11:43:59,888 - Move_encoder - Target: 100 | Adj: 0.3 | L: 100 R: 99
2026-02-20 11:43:59,888 - Move_sensor - Distances (cm): F=55.91, L=41.71, R=100.0
2026-02-20 11:43:59,898 - Move_encoder - *********************** move straight gyro assisted ***********************
2026-02-20 11:43:59,899 - Move_encoder - Encoder Left: 420 Right: 449 Distance: 434.5 / 5000
2026-02-20 11:43:59,930 - Move_encoder - Current Heading: 171.6 Target Heading: 168.4
2026-02-20 11:43:59,931 - Move_encoder - PID Terms => P: -11.35 I: -0.36 D: -0.73 | Total IMU Adj: -12.44
2026-02-20 11:43:59,931 - Move_encoder - Total Adjustment: 1.4 (Encoder Adj: 20.4, IMU Adj: -12.4)
2026-02-20 11:43:59,935 - Move_encoder - set L - Speed: 101 - direction: 1
2026-02-20 11:43:59,939 - Move_encoder - set R - Speed: 98 - direction: 1
2026-02-20 11:43:59,939 - Move_encoder - Target: 100 | Adj: 1.4 | L: 101 R: 98
2026-02-20 11:43:59,939 - Move_sensor - Distances (cm): F=53.54, L=40.9, R=100.0
2026-02-20 11:43:59,950 - Move_encoder - *********************** move straight gyro assisted ***********************
2026-02-20 11:43:59,950 - Move_encoder - Encoder Left: 453 Right: 485 Distance: 469.0 / 5000
2026-02-20 11:44:00,014 - Move_encoder - Current Heading: 171.7 Target Heading: 168.4
2026-02-20 11:44:00,014 - Move_encoder - PID Terms => P: -11.80 I: -0.37 D: -0.38 | Total IMU Adj: -12.54
2026-02-20 11:44:00,014 - Move_encoder - Total Adjustment: 2.9 (Encoder Adj: 22.5, IMU Adj: -12.5)
2026-02-20 11:44:00,018 - Move_encoder - set L - Speed: 102 - direction: 1
2026-02-20 11:44:00,022 - Move_encoder - set R - Speed: 97 - direction: 1
2026-02-20 11:44:00,023 - Move_encoder - Target: 100 | Adj: 2.9 | L: 102 R: 97
2026-02-20 11:44:00,023 - Move_sensor - Distances (cm): F=53.54, L=40.9, R=100.0
2026-02-20 11:44:00,033 - Move_encoder - *********************** move straight gyro assisted ***********************
2026-02-20 11:44:00,033 - Move_encoder - Encoder Left: 508 Right: 548 Distance: 528.0 / 5000
2026-02-20 11:44:00,065 - Move_encoder - Current Heading: 172.0 Target Heading: 168.4
2026-02-20 11:44:00,065 - Move_encoder - PID Terms => P: -12.82 I: -0.38 D: -0.53 | Total IMU Adj: -13.73
2026-02-20 11:44:00,065 - Move_encoder - Total Adjustment: 6.0 (Encoder Adj: 28.1, IMU Adj: -13.7)
2026-02-20 11:44:00,069 - Move_encoder - set L - Speed: 105 - direction: 1
2026-02-20 11:44:00,073 - Move_encoder - set R - Speed: 94 - direction: 1
2026-02-20 11:44:00,074 - Move_encoder - Target: 100 | Adj: 6.0 | L: 105 R: 94
2026-02-20 11:44:00,074 - Move_sensor - Distances (cm): F=51.27, L=39.67, R=100.0
2026-02-20 11:44:00,084 - Move_encoder - *********************** move straight gyro assisted ***********************
2026-02-20 11:44:00,084 - Move_encoder - Encoder Left: 542 Right: 586 Distance: 564.0 / 5000
2026-02-20 11:44:00,127 - Move_encoder - Current Heading: 172.4 Target Heading: 168.4
2026-02-20 11:44:00,128 - Move_encoder - PID Terms => P: -14.06 I: -0.39 D: -1.04 | Total IMU Adj: -15.49
2026-02-20 11:44:00,128 - Move_encoder - Total Adjustment: 6.1 (Encoder Adj: 30.9, IMU Adj: -15.5)
2026-02-20 11:44:00,132 - Move_encoder - set L - Speed: 106 - direction: 1
2026-02-20 11:44:00,136 - Move_encoder - set R - Speed: 93 - direction: 1
2026-02-20 11:44:00,136 - Move_encoder - Target: 100 | Adj: 6.1 | L: 106 R: 93
2026-02-20 11:44:00,136 - Move_sensor - Distances (cm): F=51.27, L=39.67, R=100.0
2026-02-20 11:44:00,136 - Move_sensor - Distances (cm): F=51.27, L=39.67, R=100.0
2026-02-20 11:44:00,154 - Move_encoder - *********************** move straight gyro assisted ***********************
2026-02-20 11:44:00,154 - Move_encoder - Encoder Left: 590 Right: 635 Distance: 612.5 / 5000
2026-02-20 11:44:00,186 - Move_encoder - Current Heading: 172.7 Target Heading: 168.4
2026-02-20 11:44:00,186 - Move_encoder - PID Terms => P: -15.07 I: -0.41 D: -0.62 | Total IMU Adj: -16.09
2026-02-20 11:44:00,187 - Move_encoder - Total Adjustment: 6.0 (Encoder Adj: 31.6, IMU Adj: -16.1)
2026-02-20 11:44:00,191 - Move_encoder - set L - Speed: 105 - direction: 1
2026-02-20 11:44:00,195 - Move_encoder - set R - Speed: 94 - direction: 1
2026-02-20 11:44:00,195 - Move_encoder - Target: 100 | Adj: 6.0 | L: 105 R: 94
2026-02-20 11:44:00,195 - Move_sensor - Distances (cm): F=50.37, L=39.43, R=100.0
2026-02-20 11:44:00,205 - Move_encoder - *********************** move straight gyro assisted ***********************
2026-02-20 11:44:00,206 - Move_encoder - Encoder Left: 625 Right: 672 Distance: 648.5 / 5000
2026-02-20 11:44:00,238 - Move_encoder - Current Heading: 173.1 Target Heading: 168.4
2026-02-20 11:44:00,238 - Move_encoder - PID Terms => P: -16.51 I: -0.42 D: -1.20 | Total IMU Adj: -18.13
2026-02-20 11:44:00,238 - Move_encoder - Total Adjustment: 4.7 (Encoder Adj: 33.0, IMU Adj: -18.1)
2026-02-20 11:44:00,242 - Move_encoder - set L - Speed: 104 - direction: 1
2026-02-20 11:44:00,246 - Move_encoder - set R - Speed: 95 - direction: 1
2026-02-20 11:44:00,246 - Move_encoder - Target: 100 | Adj: 4.7 | L: 104 R: 95
2026-02-20 11:44:00,247 - Move_sensor - Distances (cm): F=53.24, L=39.43, R=100.0
2026-02-20 11:44:00,257 - Move_encoder - *********************** move straight gyro assisted ***********************
2026-02-20 11:44:00,257 - Move_encoder - Encoder Left: 659 Right: 707 Distance: 683.0 / 5000
2026-02-20 11:44:00,289 - Move_encoder - Current Heading: 173.4 Target Heading: 168.4
2026-02-20 11:44:00,289 - Move_encoder - PID Terms => P: -17.62 I: -0.43 D: -0.93 | Total IMU Adj: -18.98
2026-02-20 11:44:00,289 - Move_encoder - Total Adjustment: 4.2 (Encoder Adj: 33.7, IMU Adj: -19.0)
2026-02-20 11:44:00,293 - Move_encoder - set L - Speed: 104 - direction: 1
2026-02-20 11:44:00,297 - Move_encoder - set R - Speed: 95 - direction: 1
2026-02-20 11:44:00,298 - Move_encoder - Target: 100 | Adj: 4.2 | L: 104 R: 95
2026-02-20 11:44:00,298 - Move_sensor - Distances (cm): F=53.24, L=39.43, R=100.0
2026-02-20 11:44:00,308 - Move_encoder - *********************** move straight gyro assisted ***********************
2026-02-20 11:44:00,308 - Move_encoder - Encoder Left: 694 Right: 742 Distance: 718.0 / 5000
2026-02-20 11:44:00,340 - Move_encoder - Current Heading: 173.8 Target Heading: 168.4
2026-02-20 11:44:00,340 - Move_encoder - PID Terms => P: -18.99 I: -0.45 D: -1.15 | Total IMU Adj: -20.59
2026-02-20 11:44:00,340 - Move_encoder - Total Adjustment: 2.3 (Encoder Adj: 33.7, IMU Adj: -20.6)
2026-02-20 11:44:00,345 - Move_encoder - set L - Speed: 102 - direction: 1
2026-02-20 11:44:00,349 - Move_encoder - set R - Speed: 97 - direction: 1
2026-02-20 11:44:00,349 - Move_encoder - Target: 100 | Adj: 2.3 | L: 102 R: 97
2026-02-20 11:44:00,349 - Move_sensor - Distances (cm): F=64.15, L=42.53, R=100.0
2026-02-20 11:44:00,359 - Move_encoder - *********************** move straight gyro assisted ***********************
2026-02-20 11:44:00,359 - Move_encoder - Encoder Left: 727 Right: 777 Distance: 752.0 / 5000
2026-02-20 11:44:00,391 - Move_encoder - Current Heading: 174.2 Target Heading: 168.4
2026-02-20 11:44:00,391 - Move_encoder - PID Terms => P: -20.53 I: -0.46 D: -1.29 | Total IMU Adj: -22.28
2026-02-20 11:44:00,392 - Move_encoder - Total Adjustment: 1.4 (Encoder Adj: 35.2, IMU Adj: -22.3)
2026-02-20 11:44:00,396 - Move_encoder - set L - Speed: 101 - direction: 1
2026-02-20 11:44:00,400 - Move_encoder - set R - Speed: 98 - direction: 1
2026-02-20 11:44:00,400 - Move_encoder - Target: 100 | Adj: 1.4 | L: 101 R: 98
2026-02-20 11:44:00,400 - Move_sensor - Distances (cm): F=64.15, L=42.53, R=100.0
2026-02-20 11:44:00,410 - Move_encoder - *********************** move straight gyro assisted ***********************
2026-02-20 11:44:00,411 - Move_encoder - Encoder Left: 761 Right: 814 Distance: 787.5 / 5000
2026-02-20 11:44:00,457 - Move_encoder - Current Heading: 174.5 Target Heading: 168.4
2026-02-20 11:44:00,457 - Move_encoder - PID Terms => P: -21.55 I: -0.48 D: -0.85 | Total IMU Adj: -22.87
2026-02-20 11:44:00,458 - Move_encoder - Total Adjustment: 2.4 (Encoder Adj: 37.3, IMU Adj: -22.9)
2026-02-20 11:44:00,462 - Move_encoder - set L - Speed: 102 - direction: 1
2026-02-20 11:44:00,466 - Move_encoder - set R - Speed: 97 - direction: 1
2026-02-20 11:44:00,466 - Move_encoder - Target: 100 | Adj: 2.4 | L: 102 R: 97
2026-02-20 11:44:00,466 - Move_sensor - Distances (cm): F=64.36, L=47.93, R=100.0
2026-02-20 11:44:00,478 - Move_encoder - *********************** move straight gyro assisted ***********************
2026-02-20 11:44:00,479 - Move_encoder - Encoder Left: 806 Right: 863 Distance: 834.5 / 5000
2026-02-20 11:44:00,520 - Move_encoder - Current Heading: 175.0 Target Heading: 168.4
2026-02-20 11:44:00,520 - Move_encoder - PID Terms => P: -23.13 I: -0.50 D: -0.91 | Total IMU Adj: -24.54
2026-02-20 11:44:00,520 - Move_encoder - Total Adjustment: 2.6 (Encoder Adj: 40.1, IMU Adj: -24.5)
2026-02-20 11:44:00,524 - Move_encoder - set L - Speed: 102 - direction: 1
2026-02-20 11:44:00,528 - Move_encoder - set R - Speed: 97 - direction: 1
2026-02-20 11:44:00,529 - Move_encoder - Target: 100 | Adj: 2.6 | L: 102 R: 97
2026-02-20 11:44:00,529 - Move_sensor - Distances (cm): F=61.37, L=51.48, R=100.0
2026-02-20 11:44:00,539 - Move_encoder - *********************** move straight gyro assisted ***********************
2026-02-20 11:44:00,539 - Move_encoder - Encoder Left: 848 Right: 906 Distance: 877.0 / 5000
2026-02-20 11:44:00,571 - Move_encoder - Current Heading: 175.4 Target Heading: 168.4
2026-02-20 11:44:00,571 - Move_encoder - PID Terms => P: -24.69 I: -0.52 D: -1.25 | Total IMU Adj: -26.46
2026-02-20 11:44:00,571 - Move_encoder - Total Adjustment: 0.9 (Encoder Adj: 40.8, IMU Adj: -26.5)
2026-02-20 11:44:00,575 - Move_encoder - set L - Speed: 100 - direction: 1
2026-02-20 11:44:00,580 - Move_encoder - set R - Speed: 99 - direction: 1
2026-02-20 11:44:00,580 - Move_encoder - Target: 100 | Adj: 0.9 | L: 100 R: 99
2026-02-20 11:44:00,580 - Move_sensor - Distances (cm): F=77.13, L=49.63, R=98.84
2026-02-20 11:44:00,590 - Move_encoder - *********************** move straight gyro assisted ***********************
2026-02-20 11:44:00,590 - Move_encoder - Encoder Left: 883 Right: 942 Distance: 912.5 / 5000
2026-02-20 11:44:00,622 - Move_encoder - Current Heading: 175.9 Target Heading: 168.4
2026-02-20 11:44:00,622 - Move_encoder - PID Terms => P: -26.25 I: -0.54 D: -1.30 | Total IMU Adj: -28.09
2026-02-20 11:44:00,623 - Move_encoder - Total Adjustment: -0.5 (Encoder Adj: 41.5, IMU Adj: -28.1)
2026-02-20 11:44:00,627 - Move_encoder - set L - Speed: 99 - direction: 1
2026-02-20 11:44:00,631 - Move_encoder - set R - Speed: 100 - direction: 1
2026-02-20 11:44:00,631 - Move_encoder - Target: 100 | Adj: -0.5 | L: 99 R: 100
2026-02-20 11:44:00,631 - Move_sensor - Distances (cm): F=77.13, L=45.21, R=96.13
2026-02-20 11:44:00,641 - Move_encoder - *********************** move straight gyro assisted ***********************
2026-02-20 11:44:00,642 - Move_encoder - Encoder Left: 918 Right: 979 Distance: 948.5 / 5000
2026-02-20 11:44:00,690 - Move_encoder - Current Heading: 176.3 Target Heading: 168.4
2026-02-20 11:44:00,690 - Move_encoder - PID Terms => P: -27.81 I: -0.56 D: -1.31 | Total IMU Adj: -29.68
2026-02-20 11:44:00,690 - Move_encoder - Total Adjustment: -1.3 (Encoder Adj: 42.9, IMU Adj: -29.7)
2026-02-20 11:44:00,694 - Move_encoder - set L - Speed: 98 - direction: 1
2026-02-20 11:44:00,698 - Move_encoder - set R - Speed: 101 - direction: 1
2026-02-20 11:44:00,699 - Move_encoder - Target: 100 | Adj: -1.3 | L: 98 R: 101
2026-02-20 11:44:00,699 - Move_sensor - Distances (cm): F=80.88, L=42.5, R=94.01
2026-02-20 11:44:00,699 - Move_sensor - Distances (cm): F=80.88, L=42.5, R=94.01
2026-02-20 11:44:00,716 - Move_encoder - *********************** move straight gyro assisted ***********************
2026-02-20 11:44:00,717 - Move_encoder - Encoder Left: 969 Right: 1034 Distance: 1001.5 / 5000
2026-02-20 11:44:00,749 - Move_encoder - Current Heading: 176.9 Target Heading: 168.4
2026-02-20 11:44:00,749 - Move_encoder - PID Terms => P: -29.94 I: -0.59 D: -1.21 | Total IMU Adj: -31.75
2026-02-20 11:44:00,749 - Move_encoder - Total Adjustment: -1.5 (Encoder Adj: 45.7, IMU Adj: -31.7)
2026-02-20 11:44:00,753 - Move_encoder - set L - Speed: 98 - direction: 1
2026-02-20 11:44:00,757 - Move_encoder - set R - Speed: 101 - direction: 1
2026-02-20 11:44:00,758 - Move_encoder - Target: 100 | Adj: -1.5 | L: 98 R: 101
2026-02-20 11:44:00,758 - Move_sensor - Distances (cm): F=73.4, L=40.67, R=92.38
2026-02-20 11:44:00,768 - Move_encoder - *********************** move straight gyro assisted ***********************
2026-02-20 11:44:00,768 - Move_encoder - Encoder Left: 1005 Right: 1072 Distance: 1038.5 / 5000
192.168.4.117 - - [20/Feb/2026 11:44:00] "GET /ping HTTP/1.1" 200 -
2026-02-20 11:44:00,800 - Move_encoder - Current Heading: 177.4 Target Heading: 168.4
2026-02-20 11:44:00,800 - Move_encoder - PID Terms => P: -31.67 I: -0.62 D: -1.44 | Total IMU Adj: -33.73
2026-02-20 11:44:00,800 - Move_encoder - Total Adjustment: -2.7 (Encoder Adj: 47.2, IMU Adj: -33.7)
2026-02-20 11:44:00,804 - Move_encoder - set L - Speed: 97 - direction: 1
2026-02-20 11:44:00,809 - Move_encoder - set R - Speed: 102 - direction: 1
2026-02-20 11:44:00,809 - Move_encoder - Target: 100 | Adj: -2.7 | L: 97 R: 102
2026-02-20 11:44:00,809 - Move_sensor - Distances (cm): F=72.54, L=40.67, R=92.38
2026-02-20 11:44:00,819 - Move_encoder - *********************** move straight gyro assisted ***********************
2026-02-20 11:44:00,820 - Move_encoder - Encoder Left: 1040 Right: 1110 Distance: 1075.0 / 5000
2026-02-20 11:44:00,852 - Move_encoder - Current Heading: 177.9 Target Heading: 168.4
2026-02-20 11:44:00,852 - Move_encoder - PID Terms => P: -33.45 I: -0.64 D: -1.48 | Total IMU Adj: -35.57
2026-02-20 11:44:00,852 - Move_encoder - Total Adjustment: -3.3 (Encoder Adj: 49.3, IMU Adj: -35.6)
2026-02-20 11:44:00,856 - Move_encoder - set L - Speed: 96 - direction: 1
2026-02-20 11:44:00,860 - Move_encoder - set R - Speed: 103 - direction: 1
2026-02-20 11:44:00,860 - Move_encoder - Target: 100 | Adj: -3.3 | L: 96 R: 103
2026-02-20 11:44:00,860 - Move_sensor - Distances (cm): F=64.1, L=38.87, R=90.75
2026-02-20 11:44:00,871 - Move_encoder - *********************** move straight gyro assisted ***********************
2026-02-20 11:44:00,871 - Move_encoder - Encoder Left: 1073 Right: 1149 Distance: 1111.0 / 5000
2026-02-20 11:44:00,903 - Move_encoder - Current Heading: 178.4 Target Heading: 168.4
2026-02-20 11:44:00,903 - Move_encoder - PID Terms => P: -35.22 I: -0.67 D: -1.48 | Total IMU Adj: -37.37
2026-02-20 11:44:00,903 - Move_encoder - Total Adjustment: -2.0 (Encoder Adj: 53.5, IMU Adj: -37.4)
2026-02-20 11:44:00,907 - Move_encoder - set L - Speed: 97 - direction: 1
2026-02-20 11:44:00,911 - Move_encoder - set R - Speed: 102 - direction: 1
2026-02-20 11:44:00,911 - Move_encoder - Target: 100 | Adj: -2.0 | L: 97 R: 102
2026-02-20 11:44:00,912 - Move_sensor - Distances (cm): F=56.6, L=37.18, R=88.98
2026-02-20 11:44:00,922 - Move_encoder - *********************** move straight gyro assisted ***********************
2026-02-20 11:44:00,922 - Move_encoder - Encoder Left: 1107 Right: 1189 Distance: 1148.0 / 5000
2026-02-20 11:44:00,954 - Move_encoder - Current Heading: 178.8 Target Heading: 168.4
2026-02-20 11:44:00,954 - Move_encoder - PID Terms => P: -36.72 I: -0.69 D: -1.26 | Total IMU Adj: -38.67
2026-02-20 11:44:00,954 - Move_encoder - Total Adjustment: -0.2 (Encoder Adj: 57.7, IMU Adj: -38.7)
2026-02-20 11:44:00,958 - Move_encoder - set L - Speed: 99 - direction: 1
2026-02-20 11:44:00,962 - Move_encoder - set R - Speed: 100 - direction: 1
2026-02-20 11:44:00,963 - Move_encoder - Target: 100 | Adj: -0.2 | L: 99 R: 100
2026-02-20 11:44:00,963 - Move_sensor - Distances (cm): F=56.6, L=36.43, R=86.79
2026-02-20 11:44:00,975 - Move_encoder - *********************** move straight gyro assisted ***********************
2026-02-20 11:44:00,981 - Move_encoder - Encoder Left: 1142 Right: 1228 Distance: 1185.0 / 5000
2026-02-20 11:44:01,031 - Move_encoder - Current Heading: 179.4 Target Heading: 168.4
2026-02-20 11:44:01,032 - Move_encoder - PID Terms => P: -38.52 I: -0.73 D: -1.24 | Total IMU Adj: -40.49
2026-02-20 11:44:01,032 - Move_encoder - Total Adjustment: -0.2 (Encoder Adj: 60.5, IMU Adj: -40.5)
2026-02-20 11:44:01,036 - Move_encoder - set L - Speed: 99 - direction: 1
2026-02-20 11:44:01,040 - Move_encoder - set R - Speed: 100 - direction: 1
2026-02-20 11:44:01,040 - Move_encoder - Target: 100 | Adj: -0.2 | L: 99 R: 100
2026-02-20 11:44:01,040 - Move_sensor - Distances (cm): F=66.05, L=35.04, R=84.88
2026-02-20 11:44:01,051 - Move_encoder - *********************** move straight gyro assisted ***********************
2026-02-20 11:44:01,051 - Move_encoder - Encoder Left: 1190 Right: 1286 Distance: 1238.0 / 5000
2026-02-20 11:44:01,083 - Move_encoder - Current Heading: 179.9 Target Heading: 168.4
2026-02-20 11:44:01,083 - Move_encoder - PID Terms => P: -40.55 I: -0.77 D: -1.31 | Total IMU Adj: -42.62
2026-02-20 11:44:01,083 - Move_encoder - Total Adjustment: 2.9 (Encoder Adj: 67.6, IMU Adj: -42.6)
2026-02-20 11:44:01,087 - Move_encoder - set L - Speed: 102 - direction: 1
2026-02-20 11:44:01,091 - Move_encoder - set R - Speed: 97 - direction: 1
2026-02-20 11:44:01,092 - Move_encoder - Target: 100 | Adj: 2.9 | L: 102 R: 97
2026-02-20 11:44:01,092 - Move_sensor - Distances (cm): F=67.44, L=35.04, R=84.88
2026-02-20 11:44:01,102 - Move_encoder - *********************** move straight gyro assisted ***********************
2026-02-20 11:44:01,102 - Move_encoder - Encoder Left: 1225 Right: 1324 Distance: 1274.5 / 5000
2026-02-20 11:44:01,150 - Move_encoder - Safety Trip: Continuous spinning detected. 208.31866775622115
2026-02-20 11:44:01,150 - Move_encoder - Behavior interrupted by HTTP Stop Request.
2026-02-20 11:44:01,150 - matrix_display - Show String: STOP
2026-02-20 11:44:01,170 - Move_encoder - Motors released, returning to main program.
2026-02-20 11:44:01,982 - image_app_core - image_app_core: route
192.168.4.117 - - [20/Feb/2026 11:44:02] "POST /control HTTP/1.1" 200 -
2026-02-20 11:44:02,023 - Move_app - Command: set_forward
2026-02-20 11:44:02,054 - Move_app - Move_app forward: speed: 100.00 | distance: 5000.00
2026-02-20 11:44:02,054 - Move_behavior - move behavior: instruction type=F
2026-02-20 11:44:02,054 - Move_behavior - move behavior: type F
2026-02-20 11:44:02,054 - matrix_display - Show String: F
2026-02-20 11:44:02,085 - Move_behavior - Start forward drive controller
2026-02-20 11:44:02,118 - Move_encoder - set L - Speed: 100 - direction: 1
2026-02-20 11:44:02,122 - Move_encoder - set R - Speed: 100 - direction: 1
2026-02-20 11:44:02,122 - Move_encoder - move-encoder:reset
2026-02-20 11:44:02,167 - Move_encoder - *********************** move straight gyro assisted ***********************
2026-02-20 11:44:02,167 - Move_encoder - Encoder Left: 12 Right: 11 Distance: 11.5 / 5000
2026-02-20 11:44:02,199 - Move_encoder - Current Heading: 209.6 Target Heading: 209.6
2026-02-20 11:44:02,199 - Move_encoder - PID Terms => P: -0.07 I: -0.77 D: 1.63 | Total IMU Adj: 0.79
2026-02-20 11:44:02,199 - Move_encoder - Total Adjustment: 0.4 (Encoder Adj: -0.7, IMU Adj: 0.8)
2026-02-20 11:44:02,203 - Move_encoder - set L - Speed: 100 - direction: 1
2026-02-20 11:44:02,207 - Move_encoder - set R - Speed: 99 - direction: 1
2026-02-20 11:44:02,207 - Move_encoder - Target: 100 | Adj: 0.4 | L: 100 R: 99
2026-02-20 11:44:02,207 - Move_sensor - Distances (cm): F=56.64, L=78.44, R=76.55
2026-02-20 11:44:02,217 - Move_encoder - *********************** move straight gyro assisted ***********************
2026-02-20 11:44:02,217 - Move_encoder - Encoder Left: 27 Right: 24 Distance: 25.5 / 5000
2026-02-20 11:44:02,264 - Move_encoder - Current Heading: 209.6 Target Heading: 209.6
2026-02-20 11:44:02,264 - Move_encoder - PID Terms => P: 0.08 I: -0.77 D: 0.13 | Total IMU Adj: -0.56
2026-02-20 11:44:02,264 - Move_encoder - Total Adjustment: -2.4 (Encoder Adj: -2.1, IMU Adj: -0.6)
2026-02-20 11:44:02,268 - Move_encoder - set L - Speed: 97 - direction: 1
2026-02-20 11:44:02,272 - Move_encoder - set R - Speed: 102 - direction: 1
2026-02-20 11:44:02,272 - Move_encoder - Target: 100 | Adj: -2.4 | L: 97 R: 102
2026-02-20 11:44:02,272 - Move_sensor - Distances (cm): F=53.46, L=99.79, R=76.29
2026-02-20 11:44:02,282 - Move_encoder - *********************** move straight gyro assisted ***********************
2026-02-20 11:44:02,282 - Move_encoder - Encoder Left: 45 Right: 44 Distance: 44.5 / 5000
2026-02-20 11:44:02,314 - Move_encoder - Current Heading: 209.6 Target Heading: 209.6
2026-02-20 11:44:02,314 - Move_encoder - PID Terms => P: 0.02 I: -0.77 D: -0.04 | Total IMU Adj: -0.78
2026-02-20 11:44:02,314 - Move_encoder - Total Adjustment: -1.5 (Encoder Adj: -0.7, IMU Adj: -0.8)
2026-02-20 11:44:02,318 - Move_encoder - set L - Speed: 98 - direction: 1
2026-02-20 11:44:02,322 - Move_encoder - set R - Speed: 101 - direction: 1
2026-02-20 11:44:02,322 - Move_encoder - Target: 100 | Adj: -1.5 | L: 98 R: 101
2026-02-20 11:44:02,322 - Move_sensor - Distances (cm): F=49.9, L=76.27, R=75.87
2026-02-20 11:44:02,333 - Move_encoder - *********************** move straight gyro assisted ***********************
2026-02-20 11:44:02,333 - Move_encoder - Encoder Left: 64 Right: 65 Distance: 64.5 / 5000
2026-02-20 11:44:02,365 - Move_encoder - Current Heading: 209.6 Target Heading: 209.6
2026-02-20 11:44:02,365 - Move_encoder - PID Terms => P: -0.03 I: -0.77 D: -0.05 | Total IMU Adj: -0.85
2026-02-20 11:44:02,365 - Move_encoder - Total Adjustment: -0.5 (Encoder Adj: 0.7, IMU Adj: -0.8)
2026-02-20 11:44:02,369 - Move_encoder - set L - Speed: 99 - direction: 1
2026-02-20 11:44:02,373 - Move_encoder - set R - Speed: 100 - direction: 1
2026-02-20 11:44:02,373 - Move_encoder - Target: 100 | Adj: -0.5 | L: 99 R: 100
2026-02-20 11:44:02,373 - Move_sensor - Distances (cm): F=48.62, L=54.71, R=75.34
2026-02-20 11:44:02,383 - Move_encoder - *********************** move straight gyro assisted ***********************
2026-02-20 11:44:02,383 - Move_encoder - Encoder Left: 87 Right: 92 Distance: 89.5 / 5000
2026-02-20 11:44:02,415 - Move_encoder - Current Heading: 209.7 Target Heading: 209.6
2026-02-20 11:44:02,415 - Move_encoder - PID Terms => P: -0.27 I: -0.77 D: -0.20 | Total IMU Adj: -1.24
2026-02-20 11:44:02,415 - Move_encoder - Total Adjustment: 1.3 (Encoder Adj: 3.5, IMU Adj: -1.2)
2026-02-20 11:44:02,419 - Move_encoder - set L - Speed: 101 - direction: 1
2026-02-20 11:44:02,423 - Move_encoder - set R - Speed: 98 - direction: 1
2026-02-20 11:44:02,424 - Move_encoder - Target: 100 | Adj: 1.3 | L: 101 R: 98
2026-02-20 11:44:02,424 - Move_sensor - Distances (cm): F=48.62, L=54.71, R=74.12
2026-02-20 11:44:02,434 - Move_encoder - *********************** move straight gyro assisted ***********************
2026-02-20 11:44:02,434 - Move_encoder - Encoder Left: 112 Right: 120 Distance: 116.0 / 5000
2026-02-20 11:44:02,466 - Move_encoder - Current Heading: 209.8 Target Heading: 209.6
2026-02-20 11:44:02,466 - Move_encoder - PID Terms => P: -0.60 I: -0.77 D: -0.28 | Total IMU Adj: -1.65
2026-02-20 11:44:02,466 - Move_encoder - Total Adjustment: 2.5 (Encoder Adj: 5.6, IMU Adj: -1.7)
2026-02-20 11:44:02,470 - Move_encoder - set L - Speed: 102 - direction: 1
2026-02-20 11:44:02,474 - Move_encoder - set R - Speed: 97 - direction: 1
2026-02-20 11:44:02,474 - Move_encoder - Target: 100 | Adj: 2.5 | L: 102 R: 97
2026-02-20 11:44:02,474 - Move_sensor - Distances (cm): F=50.82, L=55.14, R=74.12
2026-02-20 11:44:02,493 - Move_encoder - *********************** move straight gyro assisted ***********************
2026-02-20 11:44:02,493 - Move_encoder - Encoder Left: 145 Right: 155 Distance: 150.0 / 5000
2026-02-20 11:44:02,541 - Move_encoder - Current Heading: 209.9 Target Heading: 209.6
2026-02-20 11:44:02,541 - Move_encoder - PID Terms => P: -0.89 I: -0.77 D: -0.20 | Total IMU Adj: -1.86
2026-02-20 11:44:02,541 - Move_encoder - Total Adjustment: 3.4 (Encoder Adj: 7.0, IMU Adj: -1.9)
2026-02-20 11:44:02,545 - Move_encoder - set L - Speed: 103 - direction: 1
2026-02-20 11:44:02,549 - Move_encoder - set R - Speed: 96 - direction: 1
2026-02-20 11:44:02,549 - Move_encoder - Target: 100 | Adj: 3.4 | L: 103 R: 96
2026-02-20 11:44:02,549 - Move_sensor - Distances (cm): F=52.0, L=56.45, R=72.75
2026-02-20 11:44:02,560 - Move_encoder - *********************** move straight gyro assisted ***********************
2026-02-20 11:44:02,560 - Move_encoder - Encoder Left: 182 Right: 197 Distance: 189.5 / 5000
2026-02-20 11:44:02,592 - Move_encoder - Current Heading: 210.0 Target Heading: 209.6
2026-02-20 11:44:02,592 - Move_encoder - PID Terms => P: -1.22 I: -0.77 D: -0.21 | Total IMU Adj: -2.20
2026-02-20 11:44:02,592 - Move_encoder - Total Adjustment: 5.8 (Encoder Adj: 10.5, IMU Adj: -2.2)
2026-02-20 11:44:02,596 - Move_encoder - set L - Speed: 105 - direction: 1
2026-02-20 11:44:02,600 - Move_encoder - set R - Speed: 94 - direction: 1
2026-02-20 11:44:02,600 - Move_encoder - Target: 100 | Adj: 5.8 | L: 105 R: 94
2026-02-20 11:44:02,601 - Move_sensor - Distances (cm): F=46.48, L=54.95, R=71.55
2026-02-20 11:44:02,601 - Move_sensor - Distances (cm): F=46.48, L=54.95, R=71.55
2026-02-20 11:44:02,619 - Move_encoder - *********************** move straight gyro assisted ***********************
2026-02-20 11:44:02,619 - Move_encoder - Encoder Left: 216 Right: 236 Distance: 226.0 / 5000
2026-02-20 11:44:02,651 - Move_encoder - Current Heading: 210.1 Target Heading: 209.6
2026-02-20 11:44:02,651 - Move_encoder - PID Terms => P: -1.53 I: -0.77 D: -0.23 | Total IMU Adj: -2.54
2026-02-20 11:44:02,651 - Move_encoder - Total Adjustment: 8.2 (Encoder Adj: 14.0, IMU Adj: -2.5)
2026-02-20 11:44:02,655 - Move_encoder - set L - Speed: 108 - direction: 1
2026-02-20 11:44:02,659 - Move_encoder - set R - Speed: 91 - direction: 1
2026-02-20 11:44:02,659 - Move_encoder - Target: 100 | Adj: 8.2 | L: 108 R: 91
2026-02-20 11:44:02,659 - Move_sensor - Distances (cm): F=48.63, L=50.7, R=70.2
2026-02-20 11:44:02,670 - Move_encoder - *********************** move straight gyro assisted ***********************
2026-02-20 11:44:02,670 - Move_encoder - Encoder Left: 246 Right: 271 Distance: 258.5 / 5000
2026-02-20 11:44:02,702 - Move_encoder - Current Heading: 210.2 Target Heading: 209.6
2026-02-20 11:44:02,723 - Move_encoder - PID Terms => P: -1.90 I: -0.77 D: -0.31 | Total IMU Adj: -2.98
2026-02-20 11:44:02,735 - Move_encoder - Total Adjustment: 10.4 (Encoder Adj: 17.5, IMU Adj: -3.0)
2026-02-20 11:44:02,739 - Move_encoder - set L - Speed: 110 - direction: 1
2026-02-20 11:44:02,743 - Move_encoder - set R - Speed: 89 - direction: 1
2026-02-20 11:44:02,743 - Move_encoder - Target: 100 | Adj: 10.4 | L: 110 R: 89
2026-02-20 11:44:02,743 - Move_sensor - Distances (cm): F=59.18, L=70.91, R=68.94
2026-02-20 11:44:02,753 - Move_encoder - *********************** move straight gyro assisted ***********************
2026-02-20 11:44:02,753 - Move_encoder - Encoder Left: 297 Right: 328 Distance: 312.5 / 5000
2026-02-20 11:44:02,786 - Move_encoder - Current Heading: 210.3 Target Heading: 209.6
2026-02-20 11:44:02,786 - Move_encoder - PID Terms => P: -2.45 I: -0.78 D: -0.28 | Total IMU Adj: -3.51
2026-02-20 11:44:02,786 - Move_encoder - Total Adjustment: 13.2 (Encoder Adj: 21.7, IMU Adj: -3.5)
2026-02-20 11:44:02,790 - Move_encoder - set L - Speed: 113 - direction: 1
2026-02-20 11:44:02,794 - Move_encoder - set R - Speed: 86 - direction: 1
2026-02-20 11:44:02,794 - Move_encoder - Target: 100 | Adj: 13.2 | L: 113 R: 86
2026-02-20 11:44:02,795 - Move_sensor - Distances (cm): F=59.18, L=90.02, R=67.83
2026-02-20 11:44:02,805 - Move_encoder - *********************** move straight gyro assisted ***********************
2026-02-20 11:44:02,805 - Move_encoder - Encoder Left: 328 Right: 362 Distance: 345.0 / 5000
2026-02-20 11:44:02,837 - Move_encoder - Current Heading: 210.5 Target Heading: 209.6
2026-02-20 11:44:02,837 - Move_encoder - PID Terms => P: -2.98 I: -0.78 D: -0.44 | Total IMU Adj: -4.19
2026-02-20 11:44:02,837 - Move_encoder - Total Adjustment: 14.0 (Encoder Adj: 23.8, IMU Adj: -4.2)
2026-02-20 11:44:02,841 - Move_encoder - set L - Speed: 114 - direction: 1
2026-02-20 11:44:02,845 - Move_encoder - set R - Speed: 85 - direction: 1
2026-02-20 11:44:02,846 - Move_encoder - Target: 100 | Adj: 14.0 | L: 114 R: 85
2026-02-20 11:44:02,846 - Move_sensor - Distances (cm): F=63.39, L=90.02, R=66.58
2026-02-20 11:44:02,856 - Move_encoder - *********************** move straight gyro assisted ***********************
2026-02-20 11:44:02,856 - Move_encoder - Encoder Left: 360 Right: 396 Distance: 378.0 / 5000
2026-02-20 11:44:02,888 - Move_encoder - Current Heading: 210.6 Target Heading: 209.6
2026-02-20 11:44:02,888 - Move_encoder - PID Terms => P: -3.39 I: -0.78 D: -0.35 | Total IMU Adj: -4.52
2026-02-20 11:44:02,888 - Move_encoder - Total Adjustment: 14.8 (Encoder Adj: 25.2, IMU Adj: -4.5)
2026-02-20 11:44:02,892 - Move_encoder - set L - Speed: 114 - direction: 1
2026-02-20 11:44:02,896 - Move_encoder - set R - Speed: 85 - direction: 1
2026-02-20 11:44:02,897 - Move_encoder - Target: 100 | Adj: 14.8 | L: 114 R: 85
2026-02-20 11:44:02,897 - Move_sensor - Distances (cm): F=62.83, L=69.55, R=66.58
2026-02-20 11:44:02,907 - Move_encoder - *********************** move straight gyro assisted ***********************
2026-02-20 11:44:02,907 - Move_encoder - Encoder Left: 393 Right: 428 Distance: 410.5 / 5000
2026-02-20 11:44:02,939 - Move_encoder - Current Heading: 210.8 Target Heading: 209.6
2026-02-20 11:44:02,939 - Move_encoder - PID Terms => P: -4.03 I: -0.78 D: -0.54 | Total IMU Adj: -5.35
2026-02-20 11:44:02,939 - Move_encoder - Total Adjustment: 13.2 (Encoder Adj: 24.5, IMU Adj: -5.4)
2026-02-20 11:44:02,943 - Move_encoder - set L - Speed: 113 - direction: 1
2026-02-20 11:44:02,948 - Move_encoder - set R - Speed: 86 - direction: 1
2026-02-20 11:44:02,948 - Move_encoder - Target: 100 | Adj: 13.2 | L: 113 R: 86
2026-02-20 11:44:02,948 - Move_sensor - Distances (cm): F=62.3, L=68.55, R=65.08
2026-02-20 11:44:02,958 - Move_encoder - *********************** move straight gyro assisted ***********************
2026-02-20 11:44:02,958 - Move_encoder - Encoder Left: 426 Right: 461 Distance: 443.5 / 5000
2026-02-20 11:44:02,990 - Move_encoder - Current Heading: 210.9 Target Heading: 209.6
2026-02-20 11:44:02,990 - Move_encoder - PID Terms => P: -4.62 I: -0.79 D: -0.49 | Total IMU Adj: -5.89
2026-02-20 11:44:02,991 - Move_encoder - Total Adjustment: 12.6 (Encoder Adj: 24.6, IMU Adj: -5.9)
2026-02-20 11:44:02,995 - Move_encoder - set L - Speed: 112 - direction: 1
2026-02-20 11:44:02,999 - Move_encoder - set R - Speed: 87 - direction: 1
2026-02-20 11:44:02,999 - Move_encoder - Target: 100 | Adj: 12.6 | L: 112 R: 87
2026-02-20 11:44:02,999 - Move_sensor - Distances (cm): F=62.3, L=87.0, R=63.9
2026-02-20 11:44:03,009 - Move_encoder - *********************** move straight gyro assisted ***********************
2026-02-20 11:44:03,010 - Move_encoder - Encoder Left: 459 Right: 494 Distance: 476.5 / 5000
2026-02-20 11:44:03,052 - Move_encoder - Current Heading: 211.1 Target Heading: 209.6
2026-02-20 11:44:03,052 - Move_encoder - PID Terms => P: -5.26 I: -0.79 D: -0.54 | Total IMU Adj: -6.59
2026-02-20 11:44:03,052 - Move_encoder - Total Adjustment: 11.7 (Encoder Adj: 24.6, IMU Adj: -6.6)
2026-02-20 11:44:03,056 - Move_encoder - set L - Speed: 111 - direction: 1
2026-02-20 11:44:03,068 - Move_encoder - set R - Speed: 88 - direction: 1
2026-02-20 11:44:03,068 - Move_encoder - Target: 100 | Adj: 11.7 | L: 111 R: 88
2026-02-20 11:44:03,077 - Move_sensor - Distances (cm): F=59.16, L=87.0, R=62.75
2026-02-20 11:44:03,087 - Move_encoder - *********************** move straight gyro assisted ***********************
2026-02-20 11:44:03,088 - Move_encoder - Encoder Left: 510 Right: 545 Distance: 527.5 / 5000
2026-02-20 11:44:03,135 - Move_encoder - Current Heading: 211.2 Target Heading: 209.6
2026-02-20 11:44:03,135 - Move_encoder - PID Terms => P: -5.67 I: -0.80 D: -0.22 | Total IMU Adj: -6.68
2026-02-20 11:44:03,135 - Move_encoder - Total Adjustment: 11.6 (Encoder Adj: 24.6, IMU Adj: -6.7)
2026-02-20 11:44:03,140 - Move_encoder - set L - Speed: 111 - direction: 1
2026-02-20 11:44:03,144 - Move_encoder - set R - Speed: 88 - direction: 1
2026-02-20 11:44:03,151 - Move_encoder - Target: 100 | Adj: 11.6 | L: 111 R: 88
2026-02-20 11:44:03,151 - Move_sensor - Distances (cm): F=57.47, L=50.13, R=61.57
2026-02-20 11:44:03,158 - Move_sensor - Distances (cm): F=57.47, L=50.13, R=61.57
2026-02-20 11:44:03,179 - Move_encoder - *********************** move straight gyro assisted ***********************
2026-02-20 11:44:03,179 - Move_encoder - Encoder Left: 570 Right: 603 Distance: 586.5 / 5000
2026-02-20 11:44:03,210 - Move_encoder - Current Heading: 211.5 Target Heading: 209.6
2026-02-20 11:44:03,211 - Move_encoder - PID Terms => P: -6.58 I: -0.80 D: -0.43 | Total IMU Adj: -7.81
2026-02-20 11:44:03,211 - Move_encoder - Total Adjustment: 9.2 (Encoder Adj: 23.2, IMU Adj: -7.8)
2026-02-20 11:44:03,215 - Move_encoder - set L - Speed: 109 - direction: 1
2026-02-20 11:44:03,219 - Move_encoder - set R - Speed: 90 - direction: 1
2026-02-20 11:44:03,219 - Move_encoder - Target: 100 | Adj: 9.2 | L: 109 R: 90
2026-02-20 11:44:03,219 - Move_sensor - Distances (cm): F=58.15, L=53.79, R=60.2
2026-02-20 11:44:03,230 - Move_encoder - *********************** move straight gyro assisted ***********************
2026-02-20 11:44:03,230 - Move_encoder - Encoder Left: 602 Right: 635 Distance: 618.5 / 5000
2026-02-20 11:44:03,278 - Move_encoder - Current Heading: 211.7 Target Heading: 209.6
2026-02-20 11:44:03,278 - Move_encoder - PID Terms => P: -7.44 I: -0.81 D: -0.72 | Total IMU Adj: -8.97
2026-02-20 11:44:03,278 - Move_encoder - Total Adjustment: 7.8 (Encoder Adj: 23.2, IMU Adj: -9.0)
2026-02-20 11:44:03,282 - Move_encoder - set L - Speed: 107 - direction: 1
2026-02-20 11:44:03,286 - Move_encoder - set R - Speed: 92 - direction: 1
2026-02-20 11:44:03,286 - Move_encoder - Target: 100 | Adj: 7.8 | L: 107 R: 92
2026-02-20 11:44:03,287 - Move_sensor - Distances (cm): F=57.1, L=52.12, R=58.74
2026-02-20 11:44:03,297 - Move_encoder - *********************** move straight gyro assisted ***********************
2026-02-20 11:44:03,297 - Move_encoder - Encoder Left: 644 Right: 678 Distance: 661.0 / 5000
2026-02-20 11:44:03,329 - Move_encoder - Current Heading: 211.9 Target Heading: 209.6
2026-02-20 11:44:03,329 - Move_encoder - PID Terms => P: -8.13 I: -0.82 D: -0.44 | Total IMU Adj: -9.39
2026-02-20 11:44:03,329 - Move_encoder - Total Adjustment: 7.9 (Encoder Adj: 23.9, IMU Adj: -9.4)
2026-02-20 11:44:03,333 - Move_encoder - set L - Speed: 107 - direction: 1
2026-02-20 11:44:03,337 - Move_encoder - set R - Speed: 92 - direction: 1
2026-02-20 11:44:03,337 - Move_encoder - Target: 100 | Adj: 7.9 | L: 107 R: 92
2026-02-20 11:44:03,338 - Move_sensor - Distances (cm): F=55.58, L=20.6, R=57.77
2026-02-20 11:44:03,348 - Move_encoder - *********************** move straight gyro assisted ***********************
2026-02-20 11:44:03,348 - Move_encoder - Encoder Left: 676 Right: 710 Distance: 693.0 / 5000
2026-02-20 11:44:03,380 - Move_encoder - Current Heading: 212.2 Target Heading: 209.6
2026-02-20 11:44:03,380 - Move_encoder - PID Terms => P: -8.97 I: -0.82 D: -0.70 | Total IMU Adj: -10.50
2026-02-20 11:44:03,380 - Move_encoder - Total Adjustment: 6.5 (Encoder Adj: 23.9, IMU Adj: -10.5)
2026-02-20 11:44:03,384 - Move_encoder - set L - Speed: 106 - direction: 1
2026-02-20 11:44:03,388 - Move_encoder - set R - Speed: 93 - direction: 1
2026-02-20 11:44:03,389 - Move_encoder - Target: 100 | Adj: 6.5 | L: 106 R: 93
2026-02-20 11:44:03,389 - Move_sensor - Distances (cm): F=54.56, L=19.41, R=57.77
2026-02-20 11:44:03,389 - Move_encoder - Obstacle! Diverting to Avoidance Mode...
2026-02-20 11:44:03,389 - Move_sensor - Distances (cm): F=54.56, L=19.41, R=57.77
2026-02-20 11:44:03,389 - Move_sensor - !!! Obstacle detected. Entering Avoidance Mode !!!
2026-02-20 11:44:03,395 - Move_sensor - run backward by encoder
2026-02-20 11:44:03,403 - Move_sensor - Run backward 600 steps...
2026-02-20 11:44:03,403 - Move_sensor - Reverse backward left-org: 711 -right-org: 745
2026-02-20 11:44:03,443 - Move_sensor - Turning from 220.7 to 310.7
2026-02-20 11:44:05,582 - Move_sensor - Turn complete.
2026-02-20 11:44:05,583 - Move_encoder - STOP command detected! Raising Exception.